PS D:\60_learning\05_pluralsight\pluralsight_python\organizing-larger-programs> python
Python 3.8.9 (tags/v3.8.9:a743f81, Apr  6 2021, 13:22:56) [MSC v.1928 32 bit (Intel)] on win32
Type "help", "copyright", "credits" or "license" for more information.
KeyboardInterrupt
>>> from demo_reader import compressed
>>> from demo_reader import util
>>> from demo_reader.compressed import gzipped
>>> from demo_reader.compressed import bzipped
>>> from demo_reader.util import writer
>>> from demo_reader.util.writer import main
>>> from pprint import pprint as pp
>>> pp(locals())
 '__builtins__': <module 'builtins' (built-in)>,
 '__doc__': None,
 '__loader__': <class '_frozen_importlib.BuiltinImporter'>,
 '__name__': '__main__',
 '__package__': None,
 '__spec__': None,
 'bzipped': <module 'demo_reader.compressed.bzipped' from 'D:\\60_learning\\05_pluralsight\\pluralsight_python\\organizing-larger-programs\\demo_reader\\compressed\\bzipped.py'>,
 'compressed': <module 'demo_reader.compressed' from 'D:\\60_learning\\05_pluralsight\\pluralsight_python\\organizing-larger-programs\\demo_reader\\compressed\\__init__.py'>,
 'gzipped': <module 'demo_reader.compressed.gzipped' from 'D:\\60_learning\\05_pluralsight\\pluralsight_python\\organizing-larger-programs\\demo_reader\\compressed\\gzipp 'main': <function main at 0x01933C40>,
 'util': <module 'demo_reader.util' from 'D:\\60_learning\\05_pluralsight\\pluralsight_python\\organizing-larger-programs\\demo_reader\\util\\__init__.py'>,
 'writer': <module 'demo_reader.util.writer' from 'D:\\60_learning\\05_pluralsight\\pluralsight_python\\organizing-larger-programs\\demo_reader\\util\\writer.py'>}
>>> ^Z

PS D:\60_learning\05_pluralsight\pluralsight_python\organizing-larger-programs> python.exe -m demo_reader.compressed.bzipped text.bz2 New Sample compressed with BZ2...
PS D:\60_learning\05_pluralsight\pluralsight_python\organizing-larger-programs> python.exe -m demo_reader.compressed.gzipped text.gz New Sample Text compressed with GZIP...
Traceback (most recent call last):
  File "C:\Program Files (x86)\Python38-32\lib\runpy.py", line 194, in _run_module_as_main
    return _run_code(code, main_globals, None,
  File "C:\Program Files (x86)\Python38-32\lib\runpy.py", line 87, in _run_code
    exec(code, run_globals)
  File "D:\60_learning\05_pluralsight\pluralsight_python\organizing-larger-programs\demo_reader\compressed\gzipped.py", line 9, in <module>
    util.writer.main(opener)
AttributeError: module 'demo_reader.util' has no attribute 'writer'
PS D:\60_learning\05_pluralsight\pluralsight_python\organizing-larger-programs> python.exe -m demo_reader.compressed.gzipped text.gz New Sample Text compressed with GZIP...
Traceback (most recent call last):
  File "C:\Program Files (x86)\Python38-32\lib\runpy.py", line 194, in _run_module_as_main
    return _run_code(code, main_globals, None,
  File "C:\Program Files (x86)\Python38-32\lib\runpy.py", line 87, in _run_code
    exec(code, run_globals)
  File "D:\60_learning\05_pluralsight\pluralsight_python\organizing-larger-programs\demo_reader\compressed\gzipped.py", line 9, in <module>
    util.writer.main(opener)
AttributeError: module 'demo_reader.util' has no attribute 'writer'
PS D:\60_learning\05_pluralsight\pluralsight_python\organizing-larger-programs> python.exe -m demo_reader.compressed.gzipped text.gz New Sample Text compressed with GZIP...
Traceback (most recent call last):
  File "C:\Program Files (x86)\Python38-32\lib\runpy.py", line 194, in _run_module_as_main
    return _run_code(code, main_globals, None,
  File "C:\Program Files (x86)\Python38-32\lib\runpy.py", line 87, in _run_code
    exec(code, run_globals)
  File "D:\60_learning\05_pluralsight\pluralsight_python\organizing-larger-programs\demo_reader\compressed\gzipped.py", line 3, in <module>
    from .. import util
  File "D:\60_learning\05_pluralsight\pluralsight_python\organizing-larger-programs\demo_reader\util\__init__.py", line 2, in <module>
    import writer
ModuleNotFoundError: No module named 'writer'
PS D:\60_learning\05_pluralsight\pluralsight_python\organizing-larger-programs> python.exe -m demo_reader.compressed.gzipped text.gz New Sample Text compressed with GZIP...
PS D:\60_learning\05_pluralsight\pluralsight_python\organizing-larger-programs> python.exe -m demo_reader.compressed.gzipped text.gz New Sample Text compressed with GZIP...
PS D:\60_learning\05_pluralsight\pluralsight_python\organizing-larger-programs>
